------------------------------------------------------------
Timing Analyzer Summary
------------------------------------------------------------

Type  : Slow 1100mV 85C Model Setup 'clk'
Slack : -1.927
TNS   : -54.856

Type  : Slow 1100mV 85C Model Hold 'clk'
Slack : 0.374
TNS   : 0.000

Type  : Slow 1100mV 85C Model Minimum Pulse Width 'clk'
Slack : -0.394
TNS   : -23.706

Type  : Slow 1100mV 0C Model Setup 'clk'
Slack : -1.888
TNS   : -56.353

Type  : Slow 1100mV 0C Model Hold 'clk'
Slack : 0.385
TNS   : 0.000

Type  : Slow 1100mV 0C Model Minimum Pulse Width 'clk'
Slack : -0.394
TNS   : -25.709

Type  : Fast 1100mV 85C Model Setup 'clk'
Slack : -0.603
TNS   : -11.972

Type  : Fast 1100mV 85C Model Hold 'clk'
Slack : 0.180
TNS   : 0.000

Type  : Fast 1100mV 85C Model Minimum Pulse Width 'clk'
Slack : -0.083
TNS   : -3.547

Type  : Fast 1100mV 0C Model Setup 'clk'
Slack : -0.499
TNS   : -9.102

Type  : Fast 1100mV 0C Model Hold 'clk'
Slack : 0.172
TNS   : 0.000

Type  : Fast 1100mV 0C Model Minimum Pulse Width 'clk'
Slack : -0.081
TNS   : -3.492

------------------------------------------------------------
